
> id-scanner-project@0.1.0 test
> jest --runInBand

{"level":30,"time":1763578210929,"env":"test","service":"id-scanner-api","name":"id-scanner","req":{"id":1,"method":"GET","url":"/admin/pending/heights","query":{},"params":{},"headers":{"host":"127.0.0.1:59010","accept-encoding":"gzip, deflate","connection":"close"},"remoteAddress":"::ffff:127.0.0.1","remotePort":59011},"res":{"statusCode":200,"headers":{"cross-origin-opener-policy":"same-origin","cross-origin-resource-policy":"cross-origin","origin-agent-cluster":"?1","referrer-policy":"no-referrer","strict-transport-security":"max-age=31536000; includeSubDomains","x-content-type-options":"nosniff","x-dns-prefetch-control":"off","x-download-options":"noopen","x-frame-options":"SAMEORIGIN","x-permitted-cross-domain-policies":"none","x-xss-protection":"0","vary":"Origin","access-control-allow-credentials":"true","content-type":"application/json; charset=utf-8","content-length":"364","etag":"W/\"16c-fiwIjFyxLJNUuzGGnw5Db4tV7GY\""}},"responseTime":6,"msg":"request completed"}
{"level":30,"time":1763578210940,"env":"test","service":"id-scanner-api","name":"id-scanner","req":{"id":2,"method":"GET","url":"/admin/pending/heights","query":{},"params":{},"headers":{"host":"127.0.0.1:59012","accept-encoding":"gzip, deflate","connection":"close"},"remoteAddress":"::ffff:127.0.0.1","remotePort":59013},"res":{"statusCode":200,"headers":{"cross-origin-opener-policy":"same-origin","cross-origin-resource-policy":"cross-origin","origin-agent-cluster":"?1","referrer-policy":"no-referrer","strict-transport-security":"max-age=31536000; includeSubDomains","x-content-type-options":"nosniff","x-dns-prefetch-control":"off","x-download-options":"noopen","x-frame-options":"SAMEORIGIN","x-permitted-cross-domain-policies":"none","x-xss-protection":"0","vary":"Origin","access-control-allow-credentials":"true","content-type":"application/json; charset=utf-8","content-length":"60","etag":"W/\"3c-NbywtlCkBx91M6YUo+d8KfGvI/I\""}},"responseTime":1,"msg":"request completed"}
{"level":50,"time":1763578210945,"env":"test","service":"id-scanner-api","name":"id-scanner","req":{"id":3,"method":"GET","url":"/admin/pending/heights","query":{},"params":{},"headers":{"host":"127.0.0.1:59014","accept-encoding":"gzip, deflate","connection":"close"},"remoteAddress":"::ffff:127.0.0.1","remotePort":59015},"res":{"statusCode":503,"headers":{"cross-origin-opener-policy":"same-origin","cross-origin-resource-policy":"cross-origin","origin-agent-cluster":"?1","referrer-policy":"no-referrer","strict-transport-security":"max-age=31536000; includeSubDomains","x-content-type-options":"nosniff","x-dns-prefetch-control":"off","x-download-options":"noopen","x-frame-options":"SAMEORIGIN","x-permitted-cross-domain-policies":"none","x-xss-protection":"0","vary":"Origin","access-control-allow-credentials":"true","content-type":"application/json; charset=utf-8","content-length":"73","etag":"W/\"49-MMXlvNrhfb0RgBFFN5Kp0p+Xk94\""}},"err":{"type":"Error","message":"failed with status code 503","stack":"Error: failed with status code 503\n    at onResFinished (C:\\Users\\tommy\\Desktop\\id-scanner-project\\backend\\node_modules\\pino-http\\logger.js:115:39)\n    at ServerResponse.onResponseComplete (C:\\Users\\tommy\\Desktop\\id-scanner-project\\backend\\node_modules\\pino-http\\logger.js:178:14)\n    at ServerResponse.emit (node:events:531:35)\n    at onFinish (node:_http_outgoing:1082:10)\n    at callback (node:internal/streams/writable:766:21)\n    at afterWrite (node:internal/streams/writable:710:5)\n    at afterWriteTick (node:internal/streams/writable:696:10)\n    at processTicksAndRejections (node:internal/process/task_queues:89:21)"},"responseTime":1,"msg":"request errored"}
{"level":30,"time":1763578210949,"env":"test","service":"id-scanner-api","name":"id-scanner","req":{"id":4,"method":"GET","url":"/admin/pending/katy","query":{},"params":{},"headers":{"host":"127.0.0.1:59016","accept-encoding":"gzip, deflate","connection":"close"},"remoteAddress":"::ffff:127.0.0.1","remotePort":59017},"res":{"statusCode":200,"headers":{"cross-origin-opener-policy":"same-origin","cross-origin-resource-policy":"cross-origin","origin-agent-cluster":"?1","referrer-policy":"no-referrer","strict-transport-security":"max-age=31536000; includeSubDomains","x-content-type-options":"nosniff","x-dns-prefetch-control":"off","x-download-options":"noopen","x-frame-options":"SAMEORIGIN","x-permitted-cross-domain-policies":"none","x-xss-protection":"0","vary":"Origin","access-control-allow-credentials":"true","content-type":"application/json; charset=utf-8","content-length":"57","etag":"W/\"39-wenw3tTFh0KkzK+8/9CekXkWTBg\""}},"responseTime":0,"msg":"request completed"}
{"level":30,"time":1763578210955,"env":"test","service":"id-scanner-api","name":"id-scanner","req":{"id":5,"method":"GET","url":"/admin/pending/heights","query":{},"params":{},"headers":{"host":"127.0.0.1:59018","accept-encoding":"gzip, deflate","connection":"close"},"remoteAddress":"::ffff:127.0.0.1","remotePort":59019},"res":{"statusCode":200,"headers":{"cross-origin-opener-policy":"same-origin","cross-origin-resource-policy":"cross-origin","origin-agent-cluster":"?1","referrer-policy":"no-referrer","strict-transport-security":"max-age=31536000; includeSubDomains","x-content-type-options":"nosniff","x-dns-prefetch-control":"off","x-download-options":"noopen","x-frame-options":"SAMEORIGIN","x-permitted-cross-domain-policies":"none","x-xss-protection":"0","vary":"Origin","access-control-allow-credentials":"true","content-type":"application/json; charset=utf-8","content-length":"60","etag":"W/\"3c-NbywtlCkBx91M6YUo+d8KfGvI/I\""}},"responseTime":0,"msg":"request completed"}
{"level":30,"time":1763578210961,"env":"test","service":"id-scanner-api","name":"id-scanner","req":{"id":6,"method":"GET","url":"/admin/scans","query":{},"params":{},"headers":{"host":"127.0.0.1:59020","accept-encoding":"gzip, deflate","connection":"close"},"remoteAddress":"::ffff:127.0.0.1","remotePort":59021},"res":{"statusCode":200,"headers":{"cross-origin-opener-policy":"same-origin","cross-origin-resource-policy":"cross-origin","origin-agent-cluster":"?1","referrer-policy":"no-referrer","strict-transport-security":"max-age=31536000; includeSubDomains","x-content-type-options":"nosniff","x-dns-prefetch-control":"off","x-download-options":"noopen","x-frame-options":"SAMEORIGIN","x-permitted-cross-domain-policies":"none","x-xss-protection":"0","vary":"Origin","access-control-allow-credentials":"true","content-type":"application/json; charset=utf-8","content-length":"27518","etag":"W/\"6b7e-HTJd1o6hMiFzLoyzcjjNVfS8v9I\""}},"responseTime":1,"msg":"request completed"}
{"level":30,"time":1763578210969,"env":"test","service":"id-scanner-api","name":"id-scanner","req":{"id":7,"method":"GET","url":"/admin/scans?limit=50","query":{"limit":"50"},"params":{},"headers":{"host":"127.0.0.1:59022","accept-encoding":"gzip, deflate","connection":"close"},"remoteAddress":"::ffff:127.0.0.1","remotePort":59023},"res":{"statusCode":200,"headers":{"cross-origin-opener-policy":"same-origin","cross-origin-resource-policy":"cross-origin","origin-agent-cluster":"?1","referrer-policy":"no-referrer","strict-transport-security":"max-age=31536000; includeSubDomains","x-content-type-options":"nosniff","x-dns-prefetch-control":"off","x-download-options":"noopen","x-frame-options":"SAMEORIGIN","x-permitted-cross-domain-policies":"none","x-xss-protection":"0","vary":"Origin","access-control-allow-credentials":"true","content-type":"application/json; charset=utf-8","content-length":"9917","etag":"W/\"26bd-TXwcio7je4W43skw7Z7SydHSI5I\""}},"responseTime":1,"msg":"request completed"}
{"level":30,"time":1763578210973,"env":"test","service":"id-scanner-api","name":"id-scanner","req":{"id":8,"method":"GET","url":"/admin/scans?offset=100&limit=25","query":{"offset":"100","limit":"25"},"params":{},"headers":{"host":"127.0.0.1:59024","accept-encoding":"gzip, deflate","connection":"close"},"remoteAddress":"::ffff:127.0.0.1","remotePort":59025},"res":{"statusCode":200,"headers":{"cross-origin-opener-policy":"same-origin","cross-origin-resource-policy":"cross-origin","origin-agent-cluster":"?1","referrer-policy":"no-referrer","strict-transport-security":"max-age=31536000; includeSubDomains","x-content-type-options":"nosniff","x-dns-prefetch-control":"off","x-download-options":"noopen","x-frame-options":"SAMEORIGIN","x-permitted-cross-domain-policies":"none","x-xss-protection":"0","vary":"Origin","access-control-allow-credentials":"true","content-type":"application/json; charset=utf-8","content-length":"5037","etag":"W/\"13ad-ruqdfW2NFwm9lgc+LRcYHFV8Ess\""}},"responseTime":0,"msg":"request completed"}
{"level":30,"time":1763578210978,"env":"test","service":"id-scanner-api","name":"id-scanner","req":{"id":9,"method":"GET","url":"/admin/scans?location=heights","query":{"location":"heights"},"params":{},"headers":{"host":"127.0.0.1:59026","accept-encoding":"gzip, deflate","connection":"close"},"remoteAddress":"::ffff:127.0.0.1","remotePort":59027},"res":{"statusCode":200,"headers":{"cross-origin-opener-policy":"same-origin","cross-origin-resource-policy":"cross-origin","origin-agent-cluster":"?1","referrer-policy":"no-referrer","strict-transport-security":"max-age=31536000; includeSubDomains","x-content-type-options":"nosniff","x-dns-prefetch-control":"off","x-download-options":"noopen","x-frame-options":"SAMEORIGIN","x-permitted-cross-domain-policies":"none","x-xss-protection":"0","vary":"Origin","access-control-allow-credentials":"true","content-type":"application/json; charset=utf-8","content-length":"37","etag":"W/\"25-hvxglQ1mdFUL2bzVJxa9xvkH+ws\""}},"responseTime":1,"msg":"request completed"}
{"level":30,"time":1763578210984,"env":"test","service":"id-scanner-api","name":"id-scanner","req":{"id":10,"method":"GET","url":"/admin/scans?status=approved","query":{"status":"approved"},"params":{},"headers":{"host":"127.0.0.1:59028","accept-encoding":"gzip, deflate","connection":"close"},"remoteAddress":"::ffff:127.0.0.1","remotePort":59029},"res":{"statusCode":200,"headers":{"cross-origin-opener-policy":"same-origin","cross-origin-resource-policy":"cross-origin","origin-agent-cluster":"?1","referrer-policy":"no-referrer","strict-transport-security":"max-age=31536000; includeSubDomains","x-content-type-options":"nosniff","x-dns-prefetch-control":"off","x-download-options":"noopen","x-frame-options":"SAMEORIGIN","x-permitted-cross-domain-policies":"none","x-xss-protection":"0","vary":"Origin","access-control-allow-credentials":"true","content-type":"application/json; charset=utf-8","content-length":"37","etag":"W/\"25-hvxglQ1mdFUL2bzVJxa9xvkH+ws\""}},"responseTime":0,"msg":"request completed"}
{"level":30,"time":1763578210987,"env":"test","service":"id-scanner-api","name":"id-scanner","req":{"id":11,"method":"GET","url":"/admin/scans?location=katy&status=rejected","query":{"location":"katy","status":"rejected"},"params":{},"headers":{"host":"127.0.0.1:59030","accept-encoding":"gzip, deflate","connection":"close"},"remoteAddress":"::ffff:127.0.0.1","remotePort":59031},"res":{"statusCode":200,"headers":{"cross-origin-opener-policy":"same-origin","cross-origin-resource-policy":"cross-origin","origin-agent-cluster":"?1","referrer-policy":"no-referrer","strict-transport-security":"max-age=31536000; includeSubDomains","x-content-type-options":"nosniff","x-dns-prefetch-control":"off","x-download-options":"noopen","x-frame-options":"SAMEORIGIN","x-permitted-cross-domain-policies":"none","x-xss-protection":"0","vary":"Origin","access-control-allow-credentials":"true","content-type":"application/json; charset=utf-8","content-length":"37","etag":"W/\"25-hvxglQ1mdFUL2bzVJxa9xvkH+ws\""}},"responseTime":0,"msg":"request completed"}
{"level":50,"time":1763578210993,"env":"test","service":"id-scanner-api","name":"id-scanner","req":{"id":12,"method":"GET","url":"/admin/scans","query":{},"params":{},"headers":{"host":"127.0.0.1:59032","accept-encoding":"gzip, deflate","connection":"close"},"remoteAddress":"::ffff:127.0.0.1","remotePort":59033},"res":{"statusCode":503,"headers":{"cross-origin-opener-policy":"same-origin","cross-origin-resource-policy":"cross-origin","origin-agent-cluster":"?1","referrer-policy":"no-referrer","strict-transport-security":"max-age=31536000; includeSubDomains","x-content-type-options":"nosniff","x-dns-prefetch-control":"off","x-download-options":"noopen","x-frame-options":"SAMEORIGIN","x-permitted-cross-domain-policies":"none","x-xss-protection":"0","vary":"Origin","access-control-allow-credentials":"true","content-type":"application/json; charset=utf-8","content-length":"73","etag":"W/\"49-MMXlvNrhfb0RgBFFN5Kp0p+Xk94\""}},"err":{"type":"Error","message":"failed with status code 503","stack":"Error: failed with status code 503\n    at onResFinished (C:\\Users\\tommy\\Desktop\\id-scanner-project\\backend\\node_modules\\pino-http\\logger.js:115:39)\n    at ServerResponse.onResponseComplete (C:\\Users\\tommy\\Desktop\\id-scanner-project\\backend\\node_modules\\pino-http\\logger.js:178:14)\n    at ServerResponse.emit (node:events:531:35)\n    at onFinish (node:_http_outgoing:1082:10)\n    at callback (node:internal/streams/writable:766:21)\n    at afterWrite (node:internal/streams/writable:710:5)\n    at afterWriteTick (node:internal/streams/writable:696:10)\n    at processTicksAndRejections (node:internal/process/task_queues:89:21)"},"responseTime":0,"msg":"request errored"}
{"level":30,"time":1763578211001,"env":"test","service":"id-scanner-api","name":"id-scanner","req":{"id":13,"method":"GET","url":"/admin/scans?limit=500","query":{"limit":"500"},"params":{},"headers":{"host":"127.0.0.1:59034","accept-encoding":"gzip, deflate","connection":"close"},"remoteAddress":"::ffff:127.0.0.1","remotePort":59035},"res":{"statusCode":200,"headers":{"cross-origin-opener-policy":"same-origin","cross-origin-resource-policy":"cross-origin","origin-agent-cluster":"?1","referrer-policy":"no-referrer","strict-transport-security":"max-age=31536000; includeSubDomains","x-content-type-options":"nosniff","x-dns-prefetch-control":"off","x-download-options":"noopen","x-frame-options":"SAMEORIGIN","x-permitted-cross-domain-policies":"none","x-xss-protection":"0","vary":"Origin","access-control-allow-credentials":"true","content-type":"application/json; charset=utf-8","content-length":"99818","etag":"W/\"185ea-LA3qn1e1SsWl+9gimVtMRvg7k40\""}},"responseTime":1,"msg":"request completed"}
{"level":30,"time":1763578211006,"env":"test","service":"id-scanner-api","name":"id-scanner","req":{"id":14,"method":"GET","url":"/admin/scans","query":{},"params":{},"headers":{"host":"127.0.0.1:59036","accept-encoding":"gzip, deflate","connection":"close"},"remoteAddress":"::ffff:127.0.0.1","remotePort":59037},"res":{"statusCode":200,"headers":{"cross-origin-opener-policy":"same-origin","cross-origin-resource-policy":"cross-origin","origin-agent-cluster":"?1","referrer-policy":"no-referrer","strict-transport-security":"max-age=31536000; includeSubDomains","x-content-type-options":"nosniff","x-dns-prefetch-control":"off","x-download-options":"noopen","x-frame-options":"SAMEORIGIN","x-permitted-cross-domain-policies":"none","x-xss-protection":"0","vary":"Origin","access-control-allow-credentials":"true","content-type":"application/json; charset=utf-8","content-length":"37","etag":"W/\"25-hvxglQ1mdFUL2bzVJxa9xvkH+ws\""}},"responseTime":1,"msg":"request completed"}
{"level":30,"time":1763578211014,"env":"test","service":"id-scanner-api","name":"id-scanner","req":{"id":15,"method":"GET","url":"/admin/pending/heights","query":{},"params":{},"headers":{"host":"127.0.0.1:59038","accept-encoding":"gzip, deflate","connection":"close"},"remoteAddress":"::ffff:127.0.0.1","remotePort":59043},"res":{"statusCode":200,"headers":{"cross-origin-opener-policy":"same-origin","cross-origin-resource-policy":"cross-origin","origin-agent-cluster":"?1","referrer-policy":"no-referrer","strict-transport-security":"max-age=31536000; includeSubDomains","x-content-type-options":"nosniff","x-dns-prefetch-control":"off","x-download-options":"noopen","x-frame-options":"SAMEORIGIN","x-permitted-cross-domain-policies":"none","x-xss-protection":"0","vary":"Origin","access-control-allow-credentials":"true","content-type":"application/json; charset=utf-8","content-length":"60","etag":"W/\"3c-NbywtlCkBx91M6YUo+d8KfGvI/I\""}},"responseTime":1,"msg":"request completed"}
{"level":30,"time":1763578211014,"env":"test","service":"id-scanner-api","name":"id-scanner","req":{"id":16,"method":"GET","url":"/admin/pending/katy","query":{},"params":{},"headers":{"host":"127.0.0.1:59039","accept-encoding":"gzip, deflate","connection":"close"},"remoteAddress":"::ffff:127.0.0.1","remotePort":59044},"res":{"statusCode":200,"headers":{"cross-origin-opener-policy":"same-origin","cross-origin-resource-policy":"cross-origin","origin-agent-cluster":"?1","referrer-policy":"no-referrer","strict-transport-security":"max-age=31536000; includeSubDomains","x-content-type-options":"nosniff","x-dns-prefetch-control":"off","x-download-options":"noopen","x-frame-options":"SAMEORIGIN","x-permitted-cross-domain-policies":"none","x-xss-protection":"0","vary":"Origin","access-control-allow-credentials":"true","content-type":"application/json; charset=utf-8","content-length":"57","etag":"W/\"39-wenw3tTFh0KkzK+8/9CekXkWTBg\""}},"responseTime":0,"msg":"request completed"}
{"level":30,"time":1763578211015,"env":"test","service":"id-scanner-api","name":"id-scanner","req":{"id":17,"method":"GET","url":"/admin/pending/cypress","query":{},"params":{},"headers":{"host":"127.0.0.1:59040","accept-encoding":"gzip, deflate","connection":"close"},"remoteAddress":"::ffff:127.0.0.1","remotePort":59045},"res":{"statusCode":200,"headers":{"cross-origin-opener-policy":"same-origin","cross-origin-resource-policy":"cross-origin","origin-agent-cluster":"?1","referrer-policy":"no-referrer","strict-transport-security":"max-age=31536000; includeSubDomains","x-content-type-options":"nosniff","x-dns-prefetch-control":"off","x-download-options":"noopen","x-frame-options":"SAMEORIGIN","x-permitted-cross-domain-policies":"none","x-xss-protection":"0","vary":"Origin","access-control-allow-credentials":"true","content-type":"application/json; charset=utf-8","content-length":"60","etag":"W/\"3c-JL+oYJ5UEDUVU0FZ0hm3ILaxDZQ\""}},"responseTime":1,"msg":"request completed"}
{"level":30,"time":1763578211015,"env":"test","service":"id-scanner-api","name":"id-scanner","req":{"id":18,"method":"GET","url":"/admin/pending/galleria","query":{},"params":{},"headers":{"host":"127.0.0.1:59041","accept-encoding":"gzip, deflate","connection":"close"},"remoteAddress":"::ffff:127.0.0.1","remotePort":59046},"res":{"statusCode":200,"headers":{"cross-origin-opener-policy":"same-origin","cross-origin-resource-policy":"cross-origin","origin-agent-cluster":"?1","referrer-policy":"no-referrer","strict-transport-security":"max-age=31536000; includeSubDomains","x-content-type-options":"nosniff","x-dns-prefetch-control":"off","x-download-options":"noopen","x-frame-options":"SAMEORIGIN","x-permitted-cross-domain-policies":"none","x-xss-protection":"0","vary":"Origin","access-control-allow-credentials":"true","content-type":"application/json; charset=utf-8","content-length":"61","etag":"W/\"3d-p/SnEDjUl97dyYFyecHHW6FzLR4\""}},"responseTime":0,"msg":"request completed"}
{"level":30,"time":1763578211016,"env":"test","service":"id-scanner-api","name":"id-scanner","req":{"id":19,"method":"GET","url":"/admin/pending/westheimer","query":{},"params":{},"headers":{"host":"127.0.0.1:59042","accept-encoding":"gzip, deflate","connection":"close"},"remoteAddress":"::ffff:127.0.0.1","remotePort":59047},"res":{"statusCode":200,"headers":{"cross-origin-opener-policy":"same-origin","cross-origin-resource-policy":"cross-origin","origin-agent-cluster":"?1","referrer-policy":"no-referrer","strict-transport-security":"max-age=31536000; includeSubDomains","x-content-type-options":"nosniff","x-dns-prefetch-control":"off","x-download-options":"noopen","x-frame-options":"SAMEORIGIN","x-permitted-cross-domain-policies":"none","x-xss-protection":"0","vary":"Origin","access-control-allow-credentials":"true","content-type":"application/json; charset=utf-8","content-length":"63","etag":"W/\"3f-CpwG3W2EdugizBRoS8Jdbo/jMuk\""}},"responseTime":0,"msg":"request completed"}
{"level":30,"time":1763578211024,"env":"test","service":"id-scanner-api","name":"id-scanner","req":{"id":20,"method":"GET","url":"/admin/scans?limit=100&offset=0","query":{"limit":"100","offset":"0"},"params":{},"headers":{"host":"127.0.0.1:59048","accept-encoding":"gzip, deflate","connection":"close"},"remoteAddress":"::ffff:127.0.0.1","remotePort":59049},"res":{"statusCode":200,"headers":{"cross-origin-opener-policy":"same-origin","cross-origin-resource-policy":"cross-origin","origin-agent-cluster":"?1","referrer-policy":"no-referrer","strict-transport-security":"max-age=31536000; includeSubDomains","x-content-type-options":"nosniff","x-dns-prefetch-control":"off","x-download-options":"noopen","x-frame-options":"SAMEORIGIN","x-permitted-cross-domain-policies":"none","x-xss-protection":"0","vary":"Origin","access-control-allow-credentials":"true","content-type":"application/json; charset=utf-8","content-length":"20009","etag":"W/\"4e29-PzS3RIpwFgeN16S4x5RmZ5lVPVM\""}},"responseTime":1,"msg":"request completed"}
{"level":30,"time":1763578211026,"env":"test","service":"id-scanner-api","name":"id-scanner","req":{"id":21,"method":"GET","url":"/admin/scans?limit=100&offset=100","query":{"limit":"100","offset":"100"},"params":{},"headers":{"host":"127.0.0.1:59050","accept-encoding":"gzip, deflate","connection":"close"},"remoteAddress":"::ffff:127.0.0.1","remotePort":59051},"res":{"statusCode":200,"headers":{"cross-origin-opener-policy":"same-origin","cross-origin-resource-policy":"cross-origin","origin-agent-cluster":"?1","referrer-policy":"no-referrer","strict-transport-security":"max-age=31536000; includeSubDomains","x-content-type-options":"nosniff","x-dns-prefetch-control":"off","x-download-options":"noopen","x-frame-options":"SAMEORIGIN","x-permitted-cross-domain-policies":"none","x-xss-protection":"0","vary":"Origin","access-control-allow-credentials":"true","content-type":"application/json; charset=utf-8","content-length":"20009","etag":"W/\"4e29-PzS3RIpwFgeN16S4x5RmZ5lVPVM\""}},"responseTime":0,"msg":"request completed"}
node.exe : FAIL backend/tests/routes.admin.test.js
At line:1 char:1
+ & "C:\Program Files\nodejs/node.exe" "C:\Users\tommy\.npm-global/node ...
+ ~~~~~~~~~~~~~~~~~~~~~~~~~~~~~~~~~~~~~~~~~~~~~~~~~~~~~~~~~~~~~~~~~~~~~
    + CategoryInfo          : NotSpecified: (FAIL backend/tests/routes.admin.test.js:String) [], RemoteException
    + FullyQualifiedErrorId : NativeCommandError
 
  ΓùÅ Admin Routes ΓÇ║ GET /admin/pending/:locationId ΓÇ║ should only return rejected verifications not completed

    expect(received).toContain(expected) // indexOf

    Expected substring: "status = 'rejected'"
    Received string:    "
          SELECT
            session_id AS verification_id,
            session_id AS sale_id,
            first_name,
            last_name,
            age,
            date_of_birth,
            CASE WHEN approved = true THEN 'approved'
                 WHEN approved = false THEN 'rejected'
                 ELSE 'pending' END AS status,
            reason,
            'drivers_license' AS document_type,
            outlet_id AS location_id,
            COALESCE(employee_name, 'Register ' || SUBSTRING(register_id, 1, 8)) AS clerk_id,
            completed_at AS created_at,
            EXTRACT(EPOCH FROM (NOW() - completed_at)) AS seconds_ago
          FROM scan_sessions
          WHERE outlet_id = $1
            AND approved = false
          ORDER BY completed_at DESC
          LIMIT 50
        "

    [0m [90m 109 |[39m
     [90m 110 |[39m       [36mconst[39m query [33m=[39m 
db[33m.[39mpool[33m.[39mquery[33m.[39mmock[33m.[39mcalls[[35m0[39m][[35m0[39m][33m;[39m
    [31m[1m>[22m[39m[90m 111 |[39m       expect(query)[33m.[39mtoContain([32m'status = 
\'rejected\''[39m)[33m;[39m
     [90m     |[39m                     [31m[1m^[22m[39m
     [90m 112 |[39m       expect(query)[33m.[39mtoContain([32m'sc.id IS NULL'[39m)[33m;[39m
     [90m 113 |[39m     })[33m;[39m
     [90m 114 |[39m   })[33m;[39m[0m

      at Object.toContain (backend/tests/routes.admin.test.js:111:21)

  ΓùÅ Admin Routes ΓÇ║ GET /admin/scans - Pagination ΓÇ║ should filter by location

    expect(received).toContain(expected) // indexOf

    Expected substring: "location_id = $1"
    Received string:    "
          SELECT
            session_id AS verification_id,
            session_id AS sale_id,
            first_name,
            last_name,
            age,
            date_of_birth,
            CASE WHEN approved = true THEN 'approved'
                 WHEN approved = false THEN 'rejected'
                 ELSE 'pending' END AS status,
            reason,
            'drivers_license' AS document_type,
            COALESCE(outlet_name, outlet_id) AS location_id,
            COALESCE(employee_name, 'Register ' || SUBSTRING(register_id, 1, 8)) AS clerk_id,
            completed_at AS created_at
          FROM scan_sessions
          WHERE outlet_id = $1
          ORDER BY completed_at DESC
          LIMIT $2 OFFSET $3
        "

    [0m [90m 207 |[39m       [36mconst[39m params [33m=[39m 
db[33m.[39mpool[33m.[39mquery[33m.[39mmock[33m.[39mcalls[[35m0[39m][[35m1[39m][33m;[39m
     [90m 208 |[39m
    [31m[1m>[22m[39m[90m 209 |[39m       expect(query)[33m.[39mtoContain([32m'location_id = 
$1'[39m)[33m;[39m
     [90m     |[39m                     [31m[1m^[22m[39m
     [90m 210 |[39m       expect(params)[33m.[39mtoContain([32m'heights'[39m)[33m;[39m
     [90m 211 |[39m     })[33m;[39m
     [90m 212 |[39m[0m

      at Object.toContain (backend/tests/routes.admin.test.js:209:21)

  ΓùÅ Admin Routes ΓÇ║ GET /admin/scans - Pagination ΓÇ║ should filter by status

    expect(received).toContain(expected) // indexOf

    Expected value: "approved"
    Received array: [100, 0]

    [0m [90m 219 |[39m
     [90m 220 |[39m       [36mconst[39m params [33m=[39m 
db[33m.[39mpool[33m.[39mquery[33m.[39mmock[33m.[39mcalls[[35m0[39m][[35m1[39m][33m;[39m
    [31m[1m>[22m[39m[90m 221 |[39m       expect(params)[33m.[39mtoContain([32m'approved'[39m)[33m;[39m
     [90m     |[39m                      [31m[1m^[22m[39m
     [90m 222 |[39m     })[33m;[39m
     [90m 223 |[39m
     [90m 224 |[39m     it([32m'should filter by both location and status'[39m[33m,[39m [36masync[39m () 
[33m=>[39m {[0m

      at Object.toContain (backend/tests/routes.admin.test.js:221:22)

  ΓùÅ Admin Routes ΓÇ║ GET /admin/scans - Pagination ΓÇ║ should filter by both location and status

    expect(received).toContain(expected) // indexOf

    Expected substring: "location_id = $1"
    Received string:    "
          SELECT
            session_id AS verification_id,
            session_id AS sale_id,
            first_name,
            last_name,
            age,
            date_of_birth,
            CASE WHEN approved = true THEN 'approved'
                 WHEN approved = false THEN 'rejected'
                 ELSE 'pending' END AS status,
            reason,
            'drivers_license' AS document_type,
            COALESCE(outlet_name, outlet_id) AS location_id,
            COALESCE(employee_name, 'Register ' || SUBSTRING(register_id, 1, 8)) AS clerk_id,
            completed_at AS created_at
          FROM scan_sessions
          WHERE outlet_id = $1 AND approved = false
          ORDER BY completed_at DESC
          LIMIT $2 OFFSET $3
        "

    [0m [90m 232 |[39m       [36mconst[39m params [33m=[39m 
db[33m.[39mpool[33m.[39mquery[33m.[39mmock[33m.[39mcalls[[35m0[39m][[35m1[39m][33m;[39m
     [90m 233 |[39m
    [31m[1m>[22m[39m[90m 234 |[39m       expect(query)[33m.[39mtoContain([32m'location_id = 
$1'[39m)[33m;[39m
     [90m     |[39m                     [31m[1m^[22m[39m
     [90m 235 |[39m       expect(query)[33m.[39mtoContain([32m'status = $2'[39m)[33m;[39m
     [90m 236 |[39m       expect(params)[33m.[39mtoContain([32m'katy'[39m)[33m;[39m
     [90m 237 |[39m       expect(params)[33m.[39mtoContain([32m'rejected'[39m)[33m;[39m[0m

      at Object.toContain (backend/tests/routes.admin.test.js:234:21)

  ΓùÅ Admin Routes ΓÇ║ GET /admin/scans - Pagination ΓÇ║ should order scans by created_at DESC

    expect(received).toContain(expected) // indexOf

    Expected substring: "ORDER BY created_at DESC"
    Received string:    "
          SELECT
            session_id AS verification_id,
            session_id AS sale_id,
            first_name,
            last_name,
            age,
            date_of_birth,
            CASE WHEN approved = true THEN 'approved'
                 WHEN approved = false THEN 'rejected'
                 ELSE 'pending' END AS status,
            reason,
            'drivers_license' AS document_type,
            COALESCE(outlet_name, outlet_id) AS location_id,
            COALESCE(employee_name, 'Register ' || SUBSTRING(register_id, 1, 8)) AS clerk_id,
            completed_at AS created_at
          FROM scan_sessions┬╖┬╖┬╖┬╖┬╖┬╖┬╖
          ORDER BY completed_at DESC
          LIMIT $1 OFFSET $2
        "

    [0m [90m 282 |[39m
     [90m 283 |[39m       [36mconst[39m query [33m=[39m 
db[33m.[39mpool[33m.[39mquery[33m.[39mmock[33m.[39mcalls[[35m0[39m][[35m0[39m][33m;[39m
    [31m[1m>[22m[39m[90m 284 |[39m       expect(query)[33m.[39mtoContain([32m'ORDER BY created_at 
DESC'[39m)[33m;[39m
     [90m     |[39m                     [31m[1m^[22m[39m
     [90m 285 |[39m     })[33m;[39m
     [90m 286 |[39m   })[33m;[39m
     [90m 287 |[39m[0m

      at Object.toContain (backend/tests/routes.admin.test.js:284:21)

{"level":30,"time":1763578211032,"env":"test","service":"id-scanner-api","name":"id-scanner","req":{"id":22,"method":"GET","url":"/admin/pending/heights","query":{},"params":{},"headers":{"host":"127.0.0.1:59052","accept-encoding":"gzip, deflate","connection":"close"},"remoteAddress":"::ffff:127.0.0.1","remotePort":59053},"res":{"statusCode":200,"headers":{"cross-origin-opener-policy":"same-origin","cross-origin-resource-policy":"cross-origin","origin-agent-cluster":"?1","referrer-policy":"no-referrer","strict-transport-security":"max-age=31536000; includeSubDomains","x-content-type-options":"nosniff","x-dns-prefetch-control":"off","x-download-options":"noopen","x-frame-options":"SAMEORIGIN","x-permitted-cross-domain-policies":"none","x-xss-protection":"0","vary":"Origin","access-control-allow-credentials":"true","content-type":"application/json; charset=utf-8","content-length":"1294","etag":"W/\"50e-DPB9r3WOBYcDU+5pyGDNa7D+UCY\""}},"responseTime":1,"msg":"request completed"}
FAIL backend/tests/lightspeedXSeriesClient.test.js
  ΓùÅ lightspeedXSeriesClient ΓÇ║ getAuthState reflects missing refresh token

    Cannot find module '../src/lightspeedXSeriesClient' from 'backend/tests/lightspeedXSeriesClient.test.js'

    [0m [90m 50 |[39m     axios[33m.[39mcreate[33m.[39mmockReturnValue(httpMock)[33m;[39m
     [90m 51 |[39m
    [31m[1m>[22m[39m[90m 52 |[39m     [36mconst[39m client [33m=[39m 
require([32m'../src/lightspeedXSeriesClient'[39m)[33m;[39m
     [90m    |[39m                    [31m[1m^[22m[39m
     [90m 53 |[39m     client[33m.[39m__resetAuthState()[33m;[39m
     [90m 54 |[39m     client[33m.[39msetRefreshToken([36mnull[39m)[33m;[39m
     [90m 55 |[39m[0m

      at Resolver._throwModNotFoundError (node_modules/jest-resolve/build/resolver.js:427:11)
      at Object.require (backend/tests/lightspeedXSeriesClient.test.js:52:20)

  ΓùÅ lightspeedXSeriesClient ΓÇ║ applyOAuthTokens updates auth state to ready

    Cannot find module '../src/lightspeedXSeriesClient' from 'backend/tests/lightspeedXSeriesClient.test.js'

    [0m [90m 62 |[39m     axios[33m.[39mcreate[33m.[39mmockReturnValue(httpMock)[33m;[39m
     [90m 63 |[39m
    [31m[1m>[22m[39m[90m 64 |[39m     [36mconst[39m client [33m=[39m 
require([32m'../src/lightspeedXSeriesClient'[39m)[33m;[39m
     [90m    |[39m                    [31m[1m^[22m[39m
     [90m 65 |[39m     client[33m.[39m__resetAuthState()[33m;[39m
     [90m 66 |[39m     client[33m.[39msetRefreshToken([32m'seed-refresh'[39m)[33m;[39m
     [90m 67 |[39m[0m

      at Resolver._throwModNotFoundError (node_modules/jest-resolve/build/resolver.js:427:11)
      at Object.require (backend/tests/lightspeedXSeriesClient.test.js:64:20)

  ΓùÅ lightspeedXSeriesClient ΓÇ║ listSales triggers token refresh and authorized request

    Cannot find module '../src/lightspeedXSeriesClient' from 'backend/tests/lightspeedXSeriesClient.test.js'

    [0m [90m 91 |[39m     )[33m;[39m
     [90m 92 |[39m
    [31m[1m>[22m[39m[90m 93 |[39m     [36mconst[39m client [33m=[39m 
require([32m'../src/lightspeedXSeriesClient'[39m)[33m;[39m
     [90m    |[39m                    [31m[1m^[22m[39m
     [90m 94 |[39m     client[33m.[39m__resetAuthState()[33m;[39m
     [90m 95 |[39m     client[33m.[39msetRefreshToken([32m'seed-refresh'[39m)[33m;[39m
     [90m 96 |[39m[0m

      at Resolver._throwModNotFoundError (node_modules/jest-resolve/build/resolver.js:427:11)
      at Object.require (backend/tests/lightspeedXSeriesClient.test.js:93:20)

  ΓùÅ lightspeedXSeriesClient ΓÇ║ recordVerification posts Lightspeed note when writes enabled

    Cannot find module '../src/lightspeedXSeriesClient' from 'backend/tests/lightspeedXSeriesClient.test.js'

    [0m [90m 119 |[39m     axios[33m.[39mcreate[33m.[39mmockReturnValue(httpMock)[33m;[39m
     [90m 120 |[39m
    [31m[1m>[22m[39m[90m 121 |[39m     [36mconst[39m client [33m=[39m 
require([32m'../src/lightspeedXSeriesClient'[39m)[33m;[39m
     [90m     |[39m                    [31m[1m^[22m[39m
     [90m 122 |[39m     client[33m.[39m__resetAuthState()[33m;[39m
     [90m 123 |[39m     client[33m.[39mapplyOAuthTokens({
     [90m 124 |[39m       accessToken[33m:[39m [32m'token'[39m[33m,[39m[0m

      at Resolver._throwModNotFoundError (node_modules/jest-resolve/build/resolver.js:427:11)
      at Object.require (backend/tests/lightspeedXSeriesClient.test.js:121:20)

  ΓùÅ lightspeedXSeriesClient ΓÇ║ completeSale posts Lightspeed payment when writes enabled

    Cannot find module '../src/lightspeedXSeriesClient' from 'backend/tests/lightspeedXSeriesClient.test.js'

    [0m [90m 157 |[39m     axios[33m.[39mcreate[33m.[39mmockReturnValue(httpMock)[33m;[39m
     [90m 158 |[39m
    [31m[1m>[22m[39m[90m 159 |[39m     [36mconst[39m client [33m=[39m 
require([32m'../src/lightspeedXSeriesClient'[39m)[33m;[39m
     [90m     |[39m                    [31m[1m^[22m[39m
     [90m 160 |[39m     client[33m.[39m__resetAuthState()[33m;[39m
     [90m 161 |[39m     client[33m.[39mapplyOAuthTokens({
     [90m 162 |[39m       accessToken[33m:[39m [32m'token'[39m[33m,[39m[0m

      at Resolver._throwModNotFoundError (node_modules/jest-resolve/build/resolver.js:427:11)
      at Object.require (backend/tests/lightspeedXSeriesClient.test.js:159:20)

PASS backend/tests/routes.override.test.js
{"level":40,"time":1763578211355,"env":"test","service":"id-scanner-api","name":"id-scanner","event":"unauthenticated_request","ip":"::ffff:127.0.0.1","path":"/sales/SALE-1/override","msg":"Request proceeding without authentication"}
{"level":40,"time":1763578211359,"env":"test","service":"id-scanner-api","name":"id-scanner","event":"security_event","eventType":"override_pin_mismatch","saleId":"SALE-1","managerId":"unknown","timestamp":"2025-11-19T18:50:11.359Z","msg":"Security event: override_pin_mismatch"}
{"level":40,"time":1763578211360,"env":"test","service":"id-scanner-api","name":"id-scanner","req":{"id":1,"method":"POST","url":"/api/sales/SALE-1/override","query":{},"params":{},"headers":{"host":"127.0.0.1:59055","accept-encoding":"gzip, deflate","content-type":"application/json","content-length":"46","connection":"close"},"remoteAddress":"::ffff:127.0.0.1","remotePort":59056},"res":{"statusCode":403,"headers":{"cross-origin-opener-policy":"same-origin","cross-origin-resource-policy":"cross-origin","origin-agent-cluster":"?1","referrer-policy":"no-referrer","strict-transport-security":"max-age=31536000; includeSubDomains","x-content-type-options":"nosniff","x-dns-prefetch-control":"off","x-download-options":"noopen","x-frame-options":"SAMEORIGIN","x-permitted-cross-domain-policies":"none","x-xss-protection":"0","vary":"Origin","access-control-allow-credentials":"true","ratelimit-policy":"100;w=900","ratelimit-limit":"100","ratelimit-remaining":"99","ratelimit-reset":"900","content-type":"application/json; charset=utf-8","content-length":"61","etag":"W/\"3d-upGPMHpxb2pkp/JetoODMX+Mchc\""}},"responseTime":19,"msg":"request completed"}
{"level":40,"time":1763578211364,"env":"test","service":"id-scanner-api","name":"id-scanner","event":"unauthenticated_request","ip":"::ffff:127.0.0.1","path":"/sales/SALE-1/override","msg":"Request proceeding without authentication"}
{"level":40,"time":1763578211366,"env":"test","service":"id-scanner-api","name":"id-scanner","event":"security_event","eventType":"override_success","saleId":"SALE-1","verificationId":"ver-1","managerId":"manager","timestamp":"2025-11-19T18:50:11.366Z","msg":"Security event: override_success"}
{"level":30,"time":1763578211366,"env":"test","service":"id-scanner-api","name":"id-scanner","req":{"id":2,"method":"POST","url":"/api/sales/SALE-1/override","query":{},"params":{},"headers":{"host":"127.0.0.1:59057","accept-encoding":"gzip, deflate","content-type":"application/json","content-length":"90","connection":"close"},"remoteAddress":"::ffff:127.0.0.1","remotePort":59058},"res":{"statusCode":200,"headers":{"cross-origin-opener-policy":"same-origin","cross-origin-resource-policy":"cross-origin","origin-agent-cluster":"?1","referrer-policy":"no-referrer","strict-transport-security":"max-age=31536000; includeSubDomains","x-content-type-options":"nosniff","x-dns-prefetch-control":"off","x-download-options":"noopen","x-frame-options":"SAMEORIGIN","x-permitted-cross-domain-policies":"none","x-xss-protection":"0","vary":"Origin","access-control-allow-credentials":"true","ratelimit-policy":"100;w=900","ratelimit-limit":"100","ratelimit-remaining":"98","ratelimit-reset":"900","content-type":"application/json; charset=utf-8","content-length":"395","etag":"W/\"18b-vEbaaqDOUEJgQ+mPkNOIHXC+Crc\""}},"responseTime":3,"msg":"request completed"}
{"level":40,"time":1763578211371,"env":"test","service":"id-scanner-api","name":"id-scanner","event":"unauthenticated_request","ip":"::ffff:127.0.0.1","path":"/sales/SALE-1/overrides","msg":"Request proceeding without authentication"}
{"level":30,"time":1763578211372,"env":"test","service":"id-scanner-api","name":"id-scanner","req":{"id":3,"method":"GET","url":"/api/sales/SALE-1/overrides","query":{},"params":{},"headers":{"host":"127.0.0.1:59059","accept-encoding":"gzip, deflate","connection":"close"},"remoteAddress":"::ffff:127.0.0.1","remotePort":59060},"res":{"statusCode":200,"headers":{"cross-origin-opener-policy":"same-origin","cross-origin-resource-policy":"cross-origin","origin-agent-cluster":"?1","referrer-policy":"no-referrer","strict-transport-security":"max-age=31536000; includeSubDomains","x-content-type-options":"nosniff","x-dns-prefetch-control":"off","x-download-options":"noopen","x-frame-options":"SAMEORIGIN","x-permitted-cross-domain-policies":"none","x-xss-protection":"0","vary":"Origin","access-control-allow-credentials":"true","ratelimit-policy":"100;w=900","ratelimit-limit":"100","ratelimit-remaining":"97","ratelimit-reset":"900","content-type":"application/json; charset=utf-8","content-length":"157","etag":"W/\"9d-1W8AlNz1rTE/2QhjfIT3inYEHhQ\""}},"responseTime":2,"msg":"request completed"}
{"level":40,"time":1763578211376,"env":"test","service":"id-scanner-api","name":"id-scanner","event":"unauthenticated_request","ip":"::ffff:127.0.0.1","path":"/sales/SALE-1/overrides","msg":"Request proceeding without authentication"}
{"level":50,"time":1763578211377,"env":"test","service":"id-scanner-api","name":"id-scanner","event":"api_error","operation":"list_overrides","error":{"message":"boom","stack":"Error: boom\n    at Object.<anonymous> (C:\\Users\\tommy\\Desktop\\id-scanner-project\\backend\\tests\\routes.override.test.js:122:60)\n    at Promise.then.completed (C:\\Users\\tommy\\Desktop\\id-scanner-project\\node_modules\\jest-circus\\build\\utils.js:298:28)\n    at new Promise (<anonymous>)\n    at callAsyncCircusFn (C:\\Users\\tommy\\Desktop\\id-scanner-project\\node_modules\\jest-circus\\build\\utils.js:231:10)\n    at _callCircusTest (C:\\Users\\tommy\\Desktop\\id-scanner-project\\node_modules\\jest-circus\\build\\run.js:316:40)\n    at processTicksAndRejections (node:internal/process/task_queues:105:5)\n    at _runTest (C:\\Users\\tommy\\Desktop\\id-scanner-project\\node_modules\\jest-circus\\build\\run.js:252:3)\n    at _runTestsForDescribeBlock (C:\\Users\\tommy\\Desktop\\id-scanner-project\\node_modules\\jest-circus\\build\\run.js:126:9)\n    at _runTestsForDescribeBlock (C:\\Users\\tommy\\Desktop\\id-scanner-project\\node_modules\\jest-circus\\build\\run.js:121:9)\n    at run (C:\\Users\\tommy\\Desktop\\id-scanner-project\\node_modules\\jest-circus\\build\\run.js:71:3)\n    at runAndTransformResultsToJestFormat (C:\\Users\\tommy\\Desktop\\id-scanner-project\\node_modules\\jest-circus\\build\\legacy-code-todo-rewrite\\jestAdapterInit.js:122:21)\n    at jestAdapter (C:\\Users\\tommy\\Desktop\\id-scanner-project\\node_modules\\jest-circus\\build\\legacy-code-todo-rewrite\\jestAdapter.js:79:19)\n    at runTestInternal (C:\\Users\\tommy\\Desktop\\id-scanner-project\\node_modules\\jest-runner\\build\\runTest.js:367:16)\n    at runTest (C:\\Users\\tommy\\Desktop\\id-scanner-project\\node_modules\\jest-runner\\build\\runTest.js:444:34)"},"saleId":"SALE-1","timestamp":"2025-11-19T18:50:11.377Z","msg":"API Error in list_overrides: boom"}
{"level":50,"time":1763578211377,"env":"test","service":"id-scanner-api","name":"id-scanner","req":{"id":4,"method":"GET","url":"/api/sales/SALE-1/overrides","query":{},"params":{},"headers":{"host":"127.0.0.1:59061","accept-encoding":"gzip, deflate","connection":"close"},"remoteAddress":"::ffff:127.0.0.1","remotePort":59062},"res":{"statusCode":500,"headers":{"cross-origin-opener-policy":"same-origin","cross-origin-resource-policy":"cross-origin","origin-agent-cluster":"?1","referrer-policy":"no-referrer","strict-transport-security":"max-age=31536000; includeSubDomains","x-content-type-options":"nosniff","x-dns-prefetch-control":"off","x-download-options":"noopen","x-frame-options":"SAMEORIGIN","x-permitted-cross-domain-policies":"none","x-xss-protection":"0","vary":"Origin","access-control-allow-credentials":"true","ratelimit-policy":"100;w=900","ratelimit-limit":"100","ratelimit-remaining":"96","ratelimit-reset":"900","content-type":"application/json; charset=utf-8","content-length":"79","etag":"W/\"4f-t+6vKmYnMYB+vxu9dD3FOkVP3RI\""}},"err":{"type":"Error","message":"failed with status code 500","stack":"Error: failed with status code 500\n    at onResFinished (C:\\Users\\tommy\\Desktop\\id-scanner-project\\backend\\node_modules\\pino-http\\logger.js:115:39)\n    at ServerResponse.onResponseComplete (C:\\Users\\tommy\\Desktop\\id-scanner-project\\backend\\node_modules\\pino-http\\logger.js:178:14)\n    at ServerResponse.emit (node:events:531:35)\n    at onFinish (node:_http_outgoing:1082:10)\n    at callback (node:internal/streams/writable:766:21)\n    at afterWrite (node:internal/streams/writable:710:5)\n    at afterWriteTick (node:internal/streams/writable:696:10)\n    at processTicksAndRejections (node:internal/process/task_queues:89:21)"},"responseTime":1,"msg":"request errored"}
{"level":40,"time":1763578211382,"env":"test","service":"id-scanner-api","name":"id-scanner","event":"unauthenticated_request","ip":"::ffff:127.0.0.1","path":"/reports/overrides","msg":"Request proceeding without authentication"}
{"level":30,"time":1763578211382,"env":"test","service":"id-scanner-api","name":"id-scanner","req":{"id":5,"method":"GET","url":"/api/reports/overrides?days=15&limit=5","query":{"days":"15","limit":"5"},"params":{},"headers":{"host":"127.0.0.1:59063","accept-encoding":"gzip, deflate","connection":"close"},"remoteAddress":"::ffff:127.0.0.1","remotePort":59064},"res":{"statusCode":200,"headers":{"cross-origin-opener-policy":"same-origin","cross-origin-resource-policy":"cross-origin","origin-agent-cluster":"?1","referrer-policy":"no-referrer","strict-transport-security":"max-age=31536000; includeSubDomains","x-content-type-options":"nosniff","x-dns-prefetch-control":"off","x-download-options":"noopen","x-frame-options":"SAMEORIGIN","x-permitted-cross-domain-policies":"none","x-xss-protection":"0","vary":"Origin","access-control-allow-credentials":"true","ratelimit-policy":"100;w=900","ratelimit-limit":"100","ratelimit-remaining":"95","ratelimit-reset":"900","content-type":"application/json; charset=utf-8","content-length":"160","etag":"W/\"a0-fYcv3x87YnmJEmrgt3ybNbrcy1s\""}},"responseTime":0,"msg":"request completed"}
{"level":40,"time":1763578211385,"env":"test","service":"id-scanner-api","name":"id-scanner","event":"unauthenticated_request","ip":"::ffff:127.0.0.1","path":"/reports/overrides","msg":"Request proceeding without authentication"}
{"level":50,"time":1763578211386,"env":"test","service":"id-scanner-api","name":"id-scanner","event":"api_error","operation":"list_recent_overrides","error":{"message":"boom","stack":"Error: boom\n    at Object.<anonymous> (C:\\Users\\tommy\\Desktop\\id-scanner-project\\backend\\tests\\routes.override.test.js:150:59)\n    at Promise.then.completed (C:\\Users\\tommy\\Desktop\\id-scanner-project\\node_modules\\jest-circus\\build\\utils.js:298:28)\n    at new Promise (<anonymous>)\n    at callAsyncCircusFn (C:\\Users\\tommy\\Desktop\\id-scanner-project\\node_modules\\jest-circus\\build\\utils.js:231:10)\n    at _callCircusTest (C:\\Users\\tommy\\Desktop\\id-scanner-project\\node_modules\\jest-circus\\build\\run.js:316:40)\n    at processTicksAndRejections (node:internal/process/task_queues:105:5)\n    at _runTest (C:\\Users\\tommy\\Desktop\\id-scanner-project\\node_modules\\jest-circus\\build\\run.js:252:3)\n    at _runTestsForDescribeBlock (C:\\Users\\tommy\\Desktop\\id-scanner-project\\node_modules\\jest-circus\\build\\run.js:126:9)\n    at _runTestsForDescribeBlock (C:\\Users\\tommy\\Desktop\\id-scanner-project\\node_modules\\jest-circus\\build\\run.js:121:9)\n    at run (C:\\Users\\tommy\\Desktop\\id-scanner-project\\node_modules\\jest-circus\\build\\run.js:71:3)\n    at runAndTransformResultsToJestFormat (C:\\Users\\tommy\\Desktop\\id-scanner-project\\node_modules\\jest-circus\\build\\legacy-code-todo-rewrite\\jestAdapterInit.js:122:21)\n    at jestAdapter (C:\\Users\\tommy\\Desktop\\id-scanner-project\\node_modules\\jest-circus\\build\\legacy-code-todo-rewrite\\jestAdapter.js:79:19)\n    at runTestInternal (C:\\Users\\tommy\\Desktop\\id-scanner-project\\node_modules\\jest-runner\\build\\runTest.js:367:16)\n    at runTest (C:\\Users\\tommy\\Desktop\\id-scanner-project\\node_modules\\jest-runner\\build\\runTest.js:444:34)"},"days":30,"limit":200,"timestamp":"2025-11-19T18:50:11.386Z","msg":"API Error in list_recent_overrides: boom"}
{"level":50,"time":1763578211386,"env":"test","service":"id-scanner-api","name":"id-scanner","req":{"id":6,"method":"GET","url":"/api/reports/overrides","query":{},"params":{},"headers":{"host":"127.0.0.1:59065","accept-encoding":"gzip, deflate","connection":"close"},"remoteAddress":"::ffff:127.0.0.1","remotePort":59066},"res":{"statusCode":500,"headers":{"cross-origin-opener-policy":"same-origin","cross-origin-resource-policy":"cross-origin","origin-agent-cluster":"?1","referrer-policy":"no-referrer","strict-transport-security":"max-age=31536000; includeSubDomains","x-content-type-options":"nosniff","x-dns-prefetch-control":"off","x-download-options":"noopen","x-frame-options":"SAMEORIGIN","x-permitted-cross-domain-policies":"none","x-xss-protection":"0","vary":"Origin","access-control-allow-credentials":"true","ratelimit-policy":"100;w=900","ratelimit-limit":"100","ratelimit-remaining":"94","ratelimit-reset":"900","content-type":"application/json; charset=utf-8","content-length":"72","etag":"W/\"48-d8BYF7PO8TNl1JCb7oe6kQ0TWk0\""}},"err":{"type":"Error","message":"failed with status code 500","stack":"Error: failed with status code 500\n    at onResFinished (C:\\Users\\tommy\\Desktop\\id-scanner-project\\backend\\node_modules\\pino-http\\logger.js:115:39)\n    at ServerResponse.onResponseComplete (C:\\Users\\tommy\\Desktop\\id-scanner-project\\backend\\node_modules\\pino-http\\logger.js:178:14)\n    at ServerResponse.emit (node:events:531:35)\n    at onFinish (node:_http_outgoing:1082:10)\n    at callback (node:internal/streams/writable:766:21)\n    at afterWrite (node:internal/streams/writable:710:5)\n    at afterWriteTick (node:internal/streams/writable:696:10)\n    at processTicksAndRejections (node:internal/process/task_queues:89:21)"},"responseTime":1,"msg":"request errored"}
PASS backend/tests/routes.banned.test.js
{"level":40,"time":1763578211559,"env":"test","service":"id-scanner-api","name":"id-scanner","event":"unauthenticated_request","ip":"::ffff:127.0.0.1","path":"/sales/SALE-1/verify","msg":"Request proceeding without authentication"}
{"level":40,"time":1763578211562,"env":"test","service":"id-scanner-api","name":"id-scanner","event":"security_event","eventType":"banned_customer_attempt","saleId":"SALE-1","clerkId":"clerk-1","documentType":"passport","documentNumber":"P1234567","issuingCountry":"USA","locationId":"02f4a1bc-ae66-11f0-f174-8d8eeff9231e","outletCode":"WAREHOUSE","bannedId":"ban-1","timestamp":"2025-11-19T18:50:11.562Z","msg":"Security event: banned_customer_attempt"}
{"level":30,"time":1763578211562,"env":"test","service":"id-scanner-api","name":"id-scanner","event":"verification_attempt","saleId":"SALE-1","clerkId":"clerk-1","approved":false,"age":34,"documentType":"passport","issuingCountry":"USA","timestamp":"2025-11-19T18:50:11.562Z","msg":"Verification REJECTED for sale SALE-1"}
{"level":30,"time":1763578211562,"env":"test","service":"id-scanner-api","name":"id-scanner","event":"performance","operation":"recordVerification","duration_ms":0,"success":true,"timestamp":"2025-11-19T18:50:11.562Z","msg":"recordVerification completed in 0ms"}
{"level":30,"time":1763578211562,"env":"test","service":"id-scanner-api","name":"id-scanner","req":{"id":1,"method":"POST","url":"/api/sales/SALE-1/verify","query":{},"params":{},"headers":{"host":"127.0.0.1:59067","accept-encoding":"gzip, deflate","content-type":"application/json","content-length":"258","connection":"close"},"remoteAddress":"::ffff:127.0.0.1","remotePort":59068},"res":{"statusCode":201,"headers":{"cross-origin-opener-policy":"same-origin","cross-origin-resource-policy":"cross-origin","origin-agent-cluster":"?1","referrer-policy":"no-referrer","strict-transport-security":"max-age=31536000; includeSubDomains","x-content-type-options":"nosniff","x-dns-prefetch-control":"off","x-download-options":"noopen","x-frame-options":"SAMEORIGIN","x-permitted-cross-domain-policies":"none","x-xss-protection":"0","vary":"Origin","access-control-allow-credentials":"true","ratelimit-policy":"100;w=900","ratelimit-limit":"100","ratelimit-remaining":"99","ratelimit-reset":"900","content-type":"application/json; charset=utf-8","content-length":"388","etag":"W/\"184-CkV3dsdUboe8d5NWPQlFERohppo\""}},"responseTime":7,"msg":"request completed"}
{"level":40,"time":1763578211568,"env":"test","service":"id-scanner-api","name":"id-scanner","event":"unauthenticated_request","ip":"::ffff:127.0.0.1","path":"/sales/SALE-1/verify","msg":"Request proceeding without authentication"}
{"level":30,"time":1763578211569,"env":"test","service":"id-scanner-api","name":"id-scanner","event":"verification_attempt","saleId":"SALE-1","clerkId":"clerk-2","approved":true,"age":29,"documentType":"drivers_license","issuingCountry":"USA","timestamp":"2025-11-19T18:50:11.569Z","msg":"Verification APPROVED for sale SALE-1"}
{"level":30,"time":1763578211569,"env":"test","service":"id-scanner-api","name":"id-scanner","event":"performance","operation":"recordVerification","duration_ms":0,"success":true,"timestamp":"2025-11-19T18:50:11.569Z","msg":"recordVerification completed in 0ms"}
{"level":30,"time":1763578211569,"env":"test","service":"id-scanner-api","name":"id-scanner","req":{"id":2,"method":"POST","url":"/api/sales/SALE-1/verify","query":{},"params":{},"headers":{"host":"127.0.0.1:59069","accept-encoding":"gzip, deflate","content-type":"application/json","content-length":"253","connection":"close"},"remoteAddress":"::ffff:127.0.0.1","remotePort":59070},"res":{"statusCode":201,"headers":{"cross-origin-opener-policy":"same-origin","cross-origin-resource-policy":"cross-origin","origin-agent-cluster":"?1","referrer-policy":"no-referrer","strict-transport-security":"max-age=31536000; includeSubDomains","x-content-type-options":"nosniff","x-dns-prefetch-control":"off","x-download-options":"noopen","x-frame-options":"SAMEORIGIN","x-permitted-cross-domain-policies":"none","x-xss-protection":"0","vary":"Origin","access-control-allow-credentials":"true","ratelimit-policy":"100;w=900","ratelimit-limit":"100","ratelimit-remaining":"98","ratelimit-reset":"900","content-type":"application/json; charset=utf-8","content-length":"366","etag":"W/\"16e-UVIrRfkmpJRo6CNdI/TSK99bPAo\""}},"responseTime":2,"msg":"request completed"}
PASS backend/tests/routes.reports.test.js
{"level":40,"time":1763578211728,"env":"test","service":"id-scanner-api","name":"id-scanner","event":"unauthenticated_request","ip":"::ffff:127.0.0.1","path":"/reports/compliance","msg":"Request proceeding without authentication"}
{"level":30,"time":1763578211729,"env":"test","service":"id-scanner-api","name":"id-scanner","req":{"id":1,"method":"GET","url":"/api/reports/compliance?days=15&limit=25","query":{"days":"15","limit":"25"},"params":{},"headers":{"host":"127.0.0.1:59071","accept-encoding":"gzip, deflate","connection":"close"},"remoteAddress":"::ffff:127.0.0.1","remotePort":59072},"res":{"statusCode":200,"headers":{"cross-origin-opener-policy":"same-origin","cross-origin-resource-policy":"cross-origin","origin-agent-cluster":"?1","referrer-policy":"no-referrer","strict-transport-security":"max-age=31536000; includeSubDomains","x-content-type-options":"nosniff","x-dns-prefetch-control":"off","x-download-options":"noopen","x-frame-options":"SAMEORIGIN","x-permitted-cross-domain-policies":"none","x-xss-protection":"0","vary":"Origin","access-control-allow-credentials":"true","ratelimit-policy":"100;w=900","ratelimit-limit":"100","ratelimit-remaining":"99","ratelimit-reset":"900","content-type":"application/json; charset=utf-8","content-length":"633","etag":"W/\"279-vf9MiVMPUEVQuVXNiWPDfPx0CSo\""}},"responseTime":1,"msg":"request completed"}
{"level":40,"time":1763578211733,"env":"test","service":"id-scanner-api","name":"id-scanner","event":"unauthenticated_request","ip":"::ffff:127.0.0.1","path":"/reports/overrides","msg":"Request proceeding without authentication"}
{"level":30,"time":1763578211734,"env":"test","service":"id-scanner-api","name":"id-scanner","req":{"id":2,"method":"GET","url":"/api/reports/overrides?days=60&limit=10","query":{"days":"60","limit":"10"},"params":{},"headers":{"host":"127.0.0.1:59073","accept-encoding":"gzip, deflate","connection":"close"},"remoteAddress":"::ffff:127.0.0.1","remotePort":59074},"res":{"statusCode":200,"headers":{"cross-origin-opener-policy":"same-origin","cross-origin-resource-policy":"cross-origin","origin-agent-cluster":"?1","referrer-policy":"no-referrer","strict-transport-security":"max-age=31536000; includeSubDomains","x-content-type-options":"nosniff","x-dns-prefetch-control":"off","x-download-options":"noopen","x-frame-options":"SAMEORIGIN","x-permitted-cross-domain-policies":"none","x-xss-protection":"0","vary":"Origin","access-control-allow-credentials":"true","ratelimit-policy":"100;w=900","ratelimit-limit":"100","ratelimit-remaining":"98","ratelimit-reset":"900","content-type":"application/json; charset=utf-8","content-length":"156","etag":"W/\"9c-1HLDkvnOuvcLpytfHVNM8covBRo\""}},"responseTime":0,"msg":"request completed"}
{"level":40,"time":1763578211740,"env":"test","service":"id-scanner-api","name":"id-scanner","event":"unauthenticated_request","ip":"::ffff:127.0.0.1","path":"/reports/overrides","msg":"Request proceeding without authentication"}
{"level":50,"time":1763578211740,"env":"test","service":"id-scanner-api","name":"id-scanner","event":"api_error","operation":"list_recent_overrides","error":{"message":"db down","stack":"Error: db down\n    at Object.<anonymous> (C:\\Users\\tommy\\Desktop\\id-scanner-project\\backend\\tests\\routes.reports.test.js:110:59)\n    at Promise.then.completed (C:\\Users\\tommy\\Desktop\\id-scanner-project\\node_modules\\jest-circus\\build\\utils.js:298:28)\n    at new Promise (<anonymous>)\n    at callAsyncCircusFn (C:\\Users\\tommy\\Desktop\\id-scanner-project\\node_modules\\jest-circus\\build\\utils.js:231:10)\n    at _callCircusTest (C:\\Users\\tommy\\Desktop\\id-scanner-project\\node_modules\\jest-circus\\build\\run.js:316:40)\n    at processTicksAndRejections (node:internal/process/task_queues:105:5)\n    at _runTest (C:\\Users\\tommy\\Desktop\\id-scanner-project\\node_modules\\jest-circus\\build\\run.js:252:3)\n    at _runTestsForDescribeBlock (C:\\Users\\tommy\\Desktop\\id-scanner-project\\node_modules\\jest-circus\\build\\run.js:126:9)\n    at _runTestsForDescribeBlock (C:\\Users\\tommy\\Desktop\\id-scanner-project\\node_modules\\jest-circus\\build\\run.js:121:9)\n    at run (C:\\Users\\tommy\\Desktop\\id-scanner-project\\node_modules\\jest-circus\\build\\run.js:71:3)\n    at runAndTransformResultsToJestFormat (C:\\Users\\tommy\\Desktop\\id-scanner-project\\node_modules\\jest-circus\\build\\legacy-code-todo-rewrite\\jestAdapterInit.js:122:21)\n    at jestAdapter (C:\\Users\\tommy\\Desktop\\id-scanner-project\\node_modules\\jest-circus\\build\\legacy-code-todo-rewrite\\jestAdapter.js:79:19)\n    at runTestInternal (C:\\Users\\tommy\\Desktop\\id-scanner-project\\node_modules\\jest-runner\\build\\runTest.js:367:16)\n    at runTest (C:\\Users\\tommy\\Desktop\\id-scanner-project\\node_modules\\jest-runner\\build\\runTest.js:444:34)"},"days":30,"limit":200,"timestamp":"2025-11-19T18:50:11.740Z","msg":"API Error in list_recent_overrides: db down"}
{"level":50,"time":1763578211741,"env":"test","service":"id-scanner-api","name":"id-scanner","req":{"id":3,"method":"GET","url":"/api/reports/overrides","query":{},"params":{},"headers":{"host":"127.0.0.1:59075","accept-encoding":"gzip, deflate","connection":"close"},"remoteAddress":"::ffff:127.0.0.1","remotePort":59076},"res":{"statusCode":500,"headers":{"cross-origin-opener-policy":"same-origin","cross-origin-resource-policy":"cross-origin","origin-agent-cluster":"?1","referrer-policy":"no-referrer","strict-transport-security":"max-age=31536000; includeSubDomains","x-content-type-options":"nosniff","x-dns-prefetch-control":"off","x-download-options":"noopen","x-frame-options":"SAMEORIGIN","x-permitted-cross-domain-policies":"none","x-xss-protection":"0","vary":"Origin","access-control-allow-credentials":"true","ratelimit-policy":"100;w=900","ratelimit-limit":"100","ratelimit-remaining":"97","ratelimit-reset":"900","content-type":"application/json; charset=utf-8","content-length":"72","etag":"W/\"48-d8BYF7PO8TNl1JCb7oe6kQ0TWk0\""}},"err":{"type":"Error","message":"failed with status code 500","stack":"Error: failed with status code 500\n    at onResFinished (C:\\Users\\tommy\\Desktop\\id-scanner-project\\backend\\node_modules\\pino-http\\logger.js:115:39)\n    at ServerResponse.onResponseComplete (C:\\Users\\tommy\\Desktop\\id-scanner-project\\backend\\node_modules\\pino-http\\logger.js:178:14)\n    at ServerResponse.emit (node:events:531:35)\n    at onFinish (node:_http_outgoing:1082:10)\n    at callback (node:internal/streams/writable:766:21)\n    at afterWrite (node:internal/streams/writable:710:5)\n    at afterWriteTick (node:internal/streams/writable:696:10)\n    at processTicksAndRejections (node:internal/process/task_queues:89:21)"},"responseTime":2,"msg":"request errored"}
PASS backend/tests/validation.test.js
PASS backend/tests/logger.test.js
PASS backend/tests/complianceStore.retention.test.js

Test Suites: 2 failed, 6 passed, 8 total
Tests:       10 failed, 30 passed, 40 total
Snapshots:   0 total
Time:        1.867 s, estimated 3 s
Ran all test suites.
{"level":30,"time":1763578211974,"env":"test","service":"id-scanner-api","name":"id-scanner","event":"retention_enforced","verificationDays":3650,"overrideDays":10,"completionDays":20,"verificationsDeleted":2,"completionsDeleted":3,"overridesDeleted":4,"msg":"Retention policy enforced"}
